fun [int] main() =
    let v0 = [1,2,3,4,5,6,7,8] in
    let v1 = map(+(2),v0) in
    v1
