fun real main() =
  let t_v0 = [1,2,3,4,5,6,7,8] in
  let t_v1 = t_v0[0] in
  toReal(t_v1)