fun real main() =
  let t_v0 = reshape((if (-5 <= 0) then --5 else -5),take1_int((-5 * 1),reshape(((size(0,[1,2,3,4,5,6,7]) * 1)),[1,2,3,4,5,6,7]))) in
  toReal(reduce(+,0,t_v0))